[{"1":"one","id":0,"test1":"entry1"},{"2":"two","id":1,"test2":"entry2"}]