{"1":"one","test1":"entry1"}
{"2":"two","test2":"entry2"}
