{"1":"one","test1":"entry1"}
{"list":["a","b","c"]}
